C51 COMPILER V9.00   IIC                                                                   01/23/2014 15:51:01 PAGE 1   


C51 COMPILER V9.00, COMPILATION OF MODULE IIC
OBJECT MODULE PLACED IN iic.OBJ
COMPILER INVOKED BY: C:\Keil\C51\BIN\C51.EXE iic.c BROWSE DEBUG OBJECTEXTEND

line level    source

   1          /********************************************************************************************
   2                                    
   3                                                            信意电子科技
   4                                             http://xydz123.taobao.com/
   5          
   6          **********************************************************************************************/
   7          #include "reg52.h"
   8          #define high 1
   9          #define low 0 
  10          /*************Pin Define***************/
  11          sbit SCL=P1^0;
  12          sbit SDA=P1^1;
  13          /****************************************************/
  14          void Initial_LY096BG30();
  15          void Delay_50ms(unsigned int Del_50ms);
  16          void Delay_1ms(unsigned int Del_1ms);
  17          void fill_picture(unsigned char fill_Data);
  18          void Picture_1();
  19          void IIC_Start();
  20          void IIC_Stop();
  21          void Write_IIC_Command(unsigned char IIC_Command);
  22          void Write_IIC_Data(unsigned char IIC_Data);
  23          void Write_IIC_Byte(unsigned char IIC_Byte);
  24          /***********************Initial code*********************/
  25          void Initial_LY096BG30()
  26          {
  27   1              Write_IIC_Command(0xAE);   //display off
  28   1              Write_IIC_Command(0x20);        //Set Memory Addressing Mode    
  29   1              Write_IIC_Command(0x10);        //00,Horizontal Addressing Mode;01,Vertical Addressing Mode;10,Page Addressing M
             -ode (RESET);11,Invalid
  30   1              Write_IIC_Command(0xb0);        //Set Page Start Address for Page Addressing Mode,0-7
  31   1              Write_IIC_Command(0xc8);        //Set COM Output Scan Direction
  32   1              Write_IIC_Command(0x00);//---set low column address
  33   1              Write_IIC_Command(0x10);//---set high column address
  34   1              Write_IIC_Command(0x40);//--set start line address
  35   1              Write_IIC_Command(0x81);//--set contrast control register
  36   1              Write_IIC_Command(0x7f);
  37   1              Write_IIC_Command(0xa1);//--set segment re-map 0 to 127
  38   1              Write_IIC_Command(0xa6);//--set normal display
  39   1              Write_IIC_Command(0xa8);//--set multiplex ratio(1 to 64)
  40   1              Write_IIC_Command(0x3F);//
  41   1              Write_IIC_Command(0xa4);//0xa4,Output follows RAM content;0xa5,Output ignores RAM content
  42   1              Write_IIC_Command(0xd3);//-set display offset
  43   1              Write_IIC_Command(0x00);//-not offset
  44   1              Write_IIC_Command(0xd5);//--set display clock divide ratio/oscillator frequency
  45   1              Write_IIC_Command(0xf0);//--set divide ratio
  46   1              Write_IIC_Command(0xd9);//--set pre-charge period
  47   1              Write_IIC_Command(0x22); //
  48   1              Write_IIC_Command(0xda);//--set com pins hardware configuration
  49   1              Write_IIC_Command(0x12);
  50   1              Write_IIC_Command(0xdb);//--set vcomh
  51   1              Write_IIC_Command(0x20);//0x20,0.77xVcc
  52   1              Write_IIC_Command(0x8d);//--set DC-DC enable
  53   1              Write_IIC_Command(0x14);//
  54   1              Write_IIC_Command(0xaf);//--turn on oled panel 
C51 COMPILER V9.00   IIC                                                                   01/23/2014 15:51:01 PAGE 2   

  55   1      }
  56          /***********************Picture Code**************************/
  57          unsigned char code show1[]=
  58          {
  59          0x00,0x06,0x0A,0xFE,0x0A,0xC6,0x00,0xE0,0x00,0xF0,0x00,0xF8,0x00,0x00,0x00,0x00,
  60          0x00,0x00,0xFE,0x7D,0xBB,0xC7,0xEF,0xEF,0xEF,0xEF,0xEF,0xEF,0xEF,0xC7,0xBB,0x7D,
  61          0xFE,0x00,0x00,0x00,0x00,0x00,0x00,0x00,0x00,0x00,0x00,0x00,0x00,0x00,0x00,0x00,
  62          0x00,0x00,0x00,0x00,0x00,0x00,0x00,0x00,0x00,0x00,0x00,0x00,0x00,0x00,0x00,0x00,
  63          0x00,0x00,0x00,0x00,0x00,0x00,0x00,0x00,0x00,0x00,0x00,0x00,0x00,0x00,0x00,0x00,
  64          0x00,0x00,0x00,0x00,0x00,0x00,0x00,0x00,0x00,0x00,0x00,0x00,0x00,0x00,0x00,0x08,
  65          0x0C,0xFE,0xFE,0x0C,0x08,0x20,0x60,0xFE,0xFE,0x60,0x20,0x00,0x00,0x00,0x78,0x48,
  66          0xFE,0x82,0xBA,0xBA,0x82,0xBA,0xBA,0x82,0xBA,0xBA,0x82,0xBA,0xBA,0x82,0xFE,0x00,
  67          0x00,0x00,0x00,0x00,0x00,0x00,0x00,0x00,0x00,0x00,0x00,0x00,0x00,0x00,0x00,0x00,
  68          0x00,0x00,0x00,0x01,0x01,0x01,0x01,0x01,0x01,0x01,0x01,0x01,0x01,0x01,0x01,0x01,
  69          0x00,0x00,0x00,0x00,0x00,0x00,0x00,0x00,0x00,0x00,0x00,0x00,0x00,0x00,0x00,0x00,
  70          0x00,0x00,0x00,0x00,0x00,0x00,0x00,0x00,0x00,0x00,0x00,0x00,0x00,0x00,0x00,0x00,
  71          0x00,0x00,0x00,0x00,0x00,0x00,0x00,0x00,0x00,0x00,0x00,0x00,0x00,0x00,0x00,0x00,
  72          0x00,0x00,0x00,0x00,0x00,0x00,0x00,0x00,0x00,0x00,0x00,0x00,0x00,0x00,0x00,0x00,
  73          0x00,0x00,0x00,0x00,0x00,0x00,0x00,0x00,0x00,0x00,0x00,0x00,0x00,0x00,0x00,0x00,
  74          0x00,0x00,0x00,0x00,0x00,0x00,0x00,0x00,0x00,0x00,0x00,0x00,0x00,0x00,0x00,0x00,
  75          0x00,0x00,0x00,0x00,0x00,0x00,0x00,0x00,0x00,0x00,0x00,0x00,0x00,0x00,0x00,0x00,
  76          0x00,0x00,0x00,0x00,0x00,0x00,0x00,0x00,0x00,0x00,0x00,0x00,0x00,0x00,0xFE,0xFF,
  77          0x03,0x03,0x03,0x03,0x03,0x03,0x03,0x03,0x03,0xFF,0xFF,0x00,0x00,0xFE,0xFF,0x03,
  78          0x03,0x03,0x03,0x03,0x03,0x03,0x03,0x03,0xFF,0xFE,0x00,0x00,0x00,0x00,0xC0,0xC0,
  79          0xC0,0x00,0x00,0x00,0x00,0xFE,0xFF,0x03,0x03,0x03,0x03,0x03,0x03,0x03,0x03,0x03,
  80          0xFF,0xFE,0x00,0x00,0xFE,0xFF,0x03,0x03,0x03,0x03,0x03,0x03,0x03,0x03,0x03,0xFF,
  81          0xFE,0x00,0x00,0x00,0x00,0x00,0x00,0x00,0x00,0x00,0x00,0x00,0x00,0x00,0x00,0x00,
  82          0x00,0x00,0x00,0x00,0x00,0x00,0x00,0x00,0x00,0x00,0x00,0x00,0x00,0x00,0x00,0x00,
  83          0x00,0x00,0x00,0x00,0x00,0x00,0x00,0x00,0x00,0x00,0x00,0x00,0x00,0x00,0x00,0x00,
  84          0x00,0x00,0x00,0x00,0x00,0x00,0x00,0x00,0x00,0x00,0x00,0x00,0x00,0x00,0xFF,0xFF,
  85          0x00,0x00,0x00,0x00,0x00,0x00,0x00,0x00,0x00,0xFF,0xFF,0x00,0x00,0xFF,0xFF,0x0C,
  86          0x0C,0x0C,0x0C,0x0C,0x0C,0x0C,0x0C,0x0C,0xFF,0xFF,0x00,0x00,0x00,0x00,0xE1,0xE1,
  87          0xE1,0x00,0x00,0x00,0x00,0xFF,0xFF,0x00,0x00,0x00,0x00,0x00,0x00,0x00,0x00,0x00,
  88          0xFF,0xFF,0x00,0x00,0xFF,0xFF,0x0C,0x0C,0x0C,0x0C,0x0C,0x0C,0x0C,0x0C,0x0C,0xFF,
  89          0xFF,0x00,0x00,0x00,0x00,0x00,0x00,0x00,0x00,0x00,0x00,0x00,0x00,0x00,0x00,0x00,
  90          0x00,0x00,0x00,0x00,0x00,0x00,0x00,0x00,0x00,0x00,0x00,0x00,0x00,0x00,0x00,0x00,
  91          0x00,0x00,0x00,0x00,0x00,0x00,0x00,0x00,0x00,0x00,0x00,0x00,0x00,0x00,0x00,0x00,
  92          0x00,0x00,0x00,0x00,0x00,0x00,0x00,0x00,0x00,0x00,0x00,0x00,0x00,0x00,0x0F,0x1F,
  93          0x18,0x18,0x18,0x18,0x18,0x18,0x18,0x18,0x18,0x1F,0x0F,0x00,0x00,0x0F,0x1F,0x18,
  94          0x18,0x18,0x18,0x18,0x18,0x18,0x18,0x18,0x1F,0x0F,0x00,0x00,0x00,0x00,0x00,0x00,
  95          0x00,0x00,0x00,0x00,0x00,0x0F,0x1F,0x18,0x18,0x18,0x18,0x18,0x18,0x18,0x18,0x18,
  96          0x1F,0x0F,0x00,0x00,0x0F,0x1F,0x18,0x18,0x18,0x18,0x18,0x18,0x18,0x18,0x18,0x1F,
  97          0x0F,0x00,0x00,0x00,0x00,0x00,0x00,0x00,0x00,0x00,0x00,0x00,0x00,0x00,0x00,0x00,
  98          0x00,0x00,0x00,0x00,0x00,0x00,0x00,0x00,0x00,0x00,0x00,0x00,0x00,0x00,0x00,0x00,
  99          0x00,0x00,0x00,0x00,0x00,0x00,0x00,0x00,0x00,0x00,0x00,0x00,0x00,0x00,0x00,0x00,
 100          0x00,0x00,0x00,0x00,0x00,0x00,0x00,0x00,0x00,0x00,0x00,0x00,0x00,0x00,0x00,0x00,
 101          0x00,0x00,0x00,0x00,0x00,0xE2,0x92,0x8A,0x86,0x00,0x00,0x7C,0x82,0x82,0x82,0x7C,
 102          0x00,0xFE,0x00,0x82,0x92,0xAA,0xC6,0x00,0x00,0xC0,0xC0,0x00,0x7C,0x82,0x82,0x82,
 103          0x7C,0x00,0x00,0x02,0x02,0x02,0xFE,0x00,0x00,0xC0,0xC0,0x00,0x7C,0x82,0x82,0x82,
 104          0x7C,0x00,0x00,0xFE,0x00,0x00,0x00,0x00,0x00,0x00,0x00,0x00,0x00,0x00,0x00,0x00,
 105          0x00,0x00,0x00,0x00,0x00,0x00,0x00,0x00,0x00,0x00,0x00,0x00,0x00,0x00,0x00,0x00,
 106          0x00,0x00,0x00,0x00,0x00,0x00,0x00,0x00,0x00,0x00,0x00,0x00,0x00,0x00,0x00,0x00,
 107          0x00,0x24,0xA4,0x2E,0x24,0xE4,0x24,0x2E,0xA4,0x24,0x00,0x00,0x00,0xF8,0x4A,0x4C,
 108          0x48,0xF8,0x48,0x4C,0x4A,0xF8,0x00,0x00,0x00,0x00,0x00,0x00,0x00,0x00,0x00,0x00,
 109          0x00,0x00,0x00,0x00,0x00,0x00,0x00,0x00,0x00,0x00,0x00,0x00,0x00,0x00,0x00,0x00,
 110          0x00,0x00,0x00,0x00,0x00,0x00,0x00,0x00,0x00,0x00,0x00,0x00,0x00,0x00,0x00,0x00,
 111          0x00,0x00,0x00,0x00,0x00,0x00,0x00,0x00,0x00,0x00,0x00,0x00,0x00,0x00,0x00,0x00,
 112          0x00,0x00,0x00,0x00,0x00,0x00,0x00,0x00,0x00,0x00,0x00,0x00,0x00,0x00,0x00,0x00,
 113          0x00,0x00,0x00,0x00,0x00,0x00,0x00,0x00,0x00,0x00,0x00,0x00,0xC0,0x20,0x10,0x10,
 114          0x10,0x10,0x20,0xC0,0x00,0x00,0xC0,0x20,0x10,0x10,0x10,0x10,0x20,0xC0,0x00,0x00,
 115          0x00,0x12,0x0A,0x07,0x02,0x7F,0x02,0x07,0x0A,0x12,0x00,0x00,0x00,0x0B,0x0A,0x0A,
 116          0x0A,0x7F,0x0A,0x0A,0x0A,0x0B,0x00,0x00,0x00,0x00,0x00,0x00,0x00,0x00,0x00,0x00,
C51 COMPILER V9.00   IIC                                                                   01/23/2014 15:51:01 PAGE 3   

 117          0x00,0x00,0x00,0x00,0x00,0x00,0x00,0x00,0x00,0x00,0x00,0x00,0x00,0x00,0x00,0x00,
 118          0x00,0x00,0x00,0x00,0x00,0x00,0x00,0x00,0x00,0x00,0x00,0x00,0x00,0x00,0x00,0x00,
 119          0x00,0x00,0x00,0x00,0x00,0x00,0x00,0x00,0x00,0x00,0x00,0x00,0x00,0x00,0x00,0x00,
 120          0x00,0x00,0x00,0x00,0x00,0x00,0x00,0x00,0x00,0x00,0x00,0x00,0x00,0x00,0x00,0x00,
 121          0x00,0x00,0x00,0x00,0x00,0x00,0x00,0x00,0x00,0x00,0x00,0x00,0x1F,0x20,0x40,0x40,
 122          0x40,0x50,0x20,0x5F,0x80,0x00,0x1F,0x20,0x40,0x40,0x40,0x50,0x20,0x5F,0x80,0x00,
 123          };
 124          /**********************************************
 125          //IIC Start
 126          **********************************************/
 127          void IIC_Start()
 128          {
 129   1         SCL = high;
 130   1         //Delay_us(1);               
 131   1         SDA = high;
 132   1         //Delay_us(1);
 133   1         SDA = low;
 134   1        // Delay_us(1);
 135   1         SCL = low;
 136   1        // Delay_us(1);
 137   1      }
 138          
 139          /**********************************************
 140          //IIC Stop
 141          **********************************************/
 142          void IIC_Stop()
 143          {
 144   1         SCL = low;
 145   1         //Delay_us(1);
 146   1         SDA = low;
 147   1         //Delay_us(1);
 148   1         SCL = high;
 149   1         //Delay_us(1);
 150   1         SDA = high;
 151   1         //Delay_us(1);
 152   1      }
 153          /**********************************************
 154          // IIC Write byte
 155          **********************************************/
 156          void Write_IIC_Byte(unsigned char IIC_Byte)
 157          {
 158   1              unsigned char i;
 159   1              for(i=0;i<8;i++)                
 160   1              {
 161   2                      if(IIC_Byte & 0x80)             //1?0?
 162   2                      SDA=high;
 163   2                      else
 164   2                      SDA=low;
 165   2                      //Delay_us(1);
 166   2                      SCL=high;
 167   2                      //Delay_us(1);
 168   2                      SCL=low;
 169   2                      //Delay_us(1);
 170   2                      IIC_Byte<<=1;                   //loop
 171   2              }
 172   1              SDA=1;
 173   1              //Delay_us(1);
 174   1              SCL=1;
 175   1              //Delay_us(1);
 176   1              SCL=0;
 177   1              //Delay_us(1);
 178   1      }
C51 COMPILER V9.00   IIC                                                                   01/23/2014 15:51:01 PAGE 4   

 179          /**********************************************
 180          // IIC Write Command
 181          **********************************************/
 182          void Write_IIC_Command(unsigned char IIC_Command)
 183          {
 184   1         IIC_Start();
 185   1         Write_IIC_Byte(0x78);            //Slave address,SA0=0
 186   1         Write_IIC_Byte(0x00);                        //write command
 187   1         Write_IIC_Byte(IIC_Command); 
 188   1         IIC_Stop();
 189   1      }
 190          /**********************************************
 191          // IIC Write Data
 192          **********************************************/
 193          void Write_IIC_Data(unsigned char IIC_Data)
 194          {
 195   1         IIC_Start();
 196   1         Write_IIC_Byte(0x78);                        
 197   1         Write_IIC_Byte(0x40);                        //write data
 198   1         Write_IIC_Byte(IIC_Data);
 199   1         IIC_Stop();
 200   1      }
 201          /********************************************
 202          // fill_Picture
 203          ********************************************/
 204          void fill_picture(unsigned char fill_Data)
 205          {
 206   1              unsigned char m,n;
 207   1              for(m=0;m<8;m++)
 208   1              {
 209   2                      Write_IIC_Command(0xb0+m);              //page0-page1
 210   2                      Write_IIC_Command(0x00);                //low column start address
 211   2                      Write_IIC_Command(0x10);                //high column start address
 212   2                      for(n=0;n<128;n++)
 213   2                              {
 214   3                                      Write_IIC_Data(fill_Data);
 215   3                              }
 216   2              }
 217   1      }
 218          /******************************************
 219          // picture
 220          ******************************************/
 221          void picture_1()
 222          {
 223   1        unsigned char x,y;
 224   1        unsigned int i=0;
 225   1        for(y=0;y<8;y++)
 226   1          {
 227   2            Write_IIC_Command(0xb0+y);
 228   2            Write_IIC_Command(0x00);
 229   2            Write_IIC_Command(0x10);
 230   2            for(x=0;x<128;x++)
 231   2              {
 232   3                Write_IIC_Data(show1[i++]);
 233   3              }
 234   2          }
 235   1      }
 236          
 237          /***********************Delay****************************************/
 238          void Delay_50ms(unsigned int Del_50ms)          //
 239          {
 240   1              unsigned int m;
C51 COMPILER V9.00   IIC                                                                   01/23/2014 15:51:01 PAGE 5   

 241   1              for(;Del_50ms>0;Del_50ms--)
 242   1                      for(m=6245;m>0;m--);
 243   1      }
 244          
 245          void Delay_1ms(unsigned int Del_1ms)            //
 246          {
 247   1              unsigned char j;
 248   1              while(Del_1ms--)
 249   1              {       
 250   2                      for(j=0;j<123;j++);
 251   2              }
 252   1      }
 253          /*******************************Main*******************************/
 254          void main(void)
 255          {
 256   1                              //
 257   1              Initial_LY096BG30();
 258   1              Delay_1ms(5);
 259   1              while(1)
 260   1              {
 261   2                      fill_picture(0xff);     Delay_50ms(25);
 262   2                      fill_picture(0xf0);     Delay_50ms(25);
 263   2                      Picture_1();            Delay_50ms(25);
 264   2              }
 265   1      }


MODULE INFORMATION:   STATIC OVERLAYABLE
   CODE SIZE        =    399    ----
   CONSTANT SIZE    =   1024    ----
   XDATA SIZE       =   ----    ----
   PDATA SIZE       =   ----    ----
   DATA SIZE        =   ----       2
   IDATA SIZE       =   ----    ----
   BIT SIZE         =   ----    ----
END OF MODULE INFORMATION.


C51 COMPILATION COMPLETE.  0 WARNING(S),  0 ERROR(S)
