C51 COMPILER V9.00   IIC                                                                   01/23/2014 16:01:29 PAGE 1   


C51 COMPILER V9.00, COMPILATION OF MODULE IIC
OBJECT MODULE PLACED IN iic.OBJ
COMPILER INVOKED BY: C:\Keil\C51\BIN\C51.EXE iic.c BROWSE DEBUG OBJECTEXTEND

line level    source

   1          /********************************************************************************************
   2                                    
   3                                                            信意电子科技
   4                                             http://xydz123.taobao.com/
   5          
   6          **********************************************************************************************/
   7          #include "reg52.h"
   8          #include "intrins.h"
   9          #define high 1
  10          #define low 0 
  11          /*************Pin Define***************/
  12          
  13          sbit SCL=P1^0;
  14          sbit SDA=P1^1;
  15          /****************************************************/
  16          void Initial_LY096BG30();
  17          void Delay_50ms(unsigned int Del_50ms);
  18          void Delay_1ms(unsigned int Del_1ms);
  19          void fill_picture(unsigned char fill_Data);
  20          void Picture_1();
  21          void IIC_Start();
  22          void IIC_Stop();
  23          void Write_IIC_Command(unsigned char IIC_Command);
  24          void Write_IIC_Data(unsigned char IIC_Data);
  25          bit Write_IIC_Byte(unsigned char IIC_Byte);
  26          /***********************Initial code*********************/
  27          void Initial_LY096BG30()
  28          {
  29   1              Write_IIC_Command(0xAE);   //display off
  30   1              Write_IIC_Command(0x20);        //Set Memory Addressing Mode    
  31   1              Write_IIC_Command(0x10);        //00,Horizontal Addressing Mode;01,Vertical Addressing Mode;10,Page Addressing M
             -ode (RESET);11,Invalid
  32   1              Write_IIC_Command(0xb0);        //Set Page Start Address for Page Addressing Mode,0-7
  33   1              Write_IIC_Command(0xc8);        //Set COM Output Scan Direction
  34   1              Write_IIC_Command(0x00);//---set low column address
  35   1              Write_IIC_Command(0x10);//---set high column address
  36   1              Write_IIC_Command(0x40);//--set start line address
  37   1              Write_IIC_Command(0x81);//--set contrast control register
  38   1              Write_IIC_Command(0x7f);
  39   1              Write_IIC_Command(0xa1);//--set segment re-map 0 to 127
  40   1              Write_IIC_Command(0xa6);//--set normal display
  41   1              Write_IIC_Command(0xa8);//--set multiplex ratio(1 to 64)
  42   1              Write_IIC_Command(0x3F);//
  43   1              Write_IIC_Command(0xa4);//0xa4,Output follows RAM content;0xa5,Output ignores RAM content
  44   1              Write_IIC_Command(0xd3);//-set display offset
  45   1              Write_IIC_Command(0x00);//-not offset
  46   1              Write_IIC_Command(0xd5);//--set display clock divide ratio/oscillator frequency
  47   1              Write_IIC_Command(0xf0);//--set divide ratio
  48   1              Write_IIC_Command(0xd9);//--set pre-charge period
  49   1              Write_IIC_Command(0x22); //
  50   1              Write_IIC_Command(0xda);//--set com pins hardware configuration
  51   1              Write_IIC_Command(0x12);
  52   1              Write_IIC_Command(0xdb);//--set vcomh
  53   1              Write_IIC_Command(0x20);//0x20,0.77xVcc
  54   1              Write_IIC_Command(0x8d);//--set DC-DC enable
C51 COMPILER V9.00   IIC                                                                   01/23/2014 16:01:29 PAGE 2   

  55   1              Write_IIC_Command(0x14);//
  56   1              Write_IIC_Command(0xaf);//--turn on oled panel 
  57   1      }
  58          /***********************Picture Code**************************/
  59          unsigned char code show1[]=
  60          {
  61          0x00,0x06,0x0A,0xFE,0x0A,0xC6,0x00,0xE0,0x00,0xF0,0x00,0xF8,0x00,0x00,0x00,0x00,
  62          0x00,0x00,0xFE,0x7D,0xBB,0xC7,0xEF,0xEF,0xEF,0xEF,0xEF,0xEF,0xEF,0xC7,0xBB,0x7D,
  63          0xFE,0x00,0x00,0x00,0x00,0x00,0x00,0x00,0x00,0x00,0x00,0x00,0x00,0x00,0x00,0x00,
  64          0x00,0x00,0x00,0x00,0x00,0x00,0x00,0x00,0x00,0x00,0x00,0x00,0x00,0x00,0x00,0x00,
  65          0x00,0x00,0x00,0x00,0x00,0x00,0x00,0x00,0x00,0x00,0x00,0x00,0x00,0x00,0x00,0x00,
  66          0x00,0x00,0x00,0x00,0x00,0x00,0x00,0x00,0x00,0x00,0x00,0x00,0x00,0x00,0x00,0x08,
  67          0x0C,0xFE,0xFE,0x0C,0x08,0x20,0x60,0xFE,0xFE,0x60,0x20,0x00,0x00,0x00,0x78,0x48,
  68          0xFE,0x82,0xBA,0xBA,0x82,0xBA,0xBA,0x82,0xBA,0xBA,0x82,0xBA,0xBA,0x82,0xFE,0x00,
  69          0x00,0x00,0x00,0x00,0x00,0x00,0x00,0x00,0x00,0x00,0x00,0x00,0x00,0x00,0x00,0x00,
  70          0x00,0x00,0x00,0x01,0x01,0x01,0x01,0x01,0x01,0x01,0x01,0x01,0x01,0x01,0x01,0x01,
  71          0x00,0x00,0x00,0x00,0x00,0x00,0x00,0x00,0x00,0x00,0x00,0x00,0x00,0x00,0x00,0x00,
  72          0x00,0x00,0x00,0x00,0x00,0x00,0x00,0x00,0x00,0x00,0x00,0x00,0x00,0x00,0x00,0x00,
  73          0x00,0x00,0x00,0x00,0x00,0x00,0x00,0x00,0x00,0x00,0x00,0x00,0x00,0x00,0x00,0x00,
  74          0x00,0x00,0x00,0x00,0x00,0x00,0x00,0x00,0x00,0x00,0x00,0x00,0x00,0x00,0x00,0x00,
  75          0x00,0x00,0x00,0x00,0x00,0x00,0x00,0x00,0x00,0x00,0x00,0x00,0x00,0x00,0x00,0x00,
  76          0x00,0x00,0x00,0x00,0x00,0x00,0x00,0x00,0x00,0x00,0x00,0x00,0x00,0x00,0x00,0x00,
  77          0x00,0x00,0x00,0x00,0x00,0x00,0x00,0x00,0x00,0x00,0x00,0x00,0x00,0x00,0x00,0x00,
  78          0x00,0x00,0x00,0x00,0x00,0x00,0x00,0x00,0x00,0x00,0x00,0x00,0x00,0x00,0xFE,0xFF,
  79          0x03,0x03,0x03,0x03,0x03,0x03,0x03,0x03,0x03,0xFF,0xFF,0x00,0x00,0xFE,0xFF,0x03,
  80          0x03,0x03,0x03,0x03,0x03,0x03,0x03,0x03,0xFF,0xFE,0x00,0x00,0x00,0x00,0xC0,0xC0,
  81          0xC0,0x00,0x00,0x00,0x00,0xFE,0xFF,0x03,0x03,0x03,0x03,0x03,0x03,0x03,0x03,0x03,
  82          0xFF,0xFE,0x00,0x00,0xFE,0xFF,0x03,0x03,0x03,0x03,0x03,0x03,0x03,0x03,0x03,0xFF,
  83          0xFE,0x00,0x00,0x00,0x00,0x00,0x00,0x00,0x00,0x00,0x00,0x00,0x00,0x00,0x00,0x00,
  84          0x00,0x00,0x00,0x00,0x00,0x00,0x00,0x00,0x00,0x00,0x00,0x00,0x00,0x00,0x00,0x00,
  85          0x00,0x00,0x00,0x00,0x00,0x00,0x00,0x00,0x00,0x00,0x00,0x00,0x00,0x00,0x00,0x00,
  86          0x00,0x00,0x00,0x00,0x00,0x00,0x00,0x00,0x00,0x00,0x00,0x00,0x00,0x00,0xFF,0xFF,
  87          0x00,0x00,0x00,0x00,0x00,0x00,0x00,0x00,0x00,0xFF,0xFF,0x00,0x00,0xFF,0xFF,0x0C,
  88          0x0C,0x0C,0x0C,0x0C,0x0C,0x0C,0x0C,0x0C,0xFF,0xFF,0x00,0x00,0x00,0x00,0xE1,0xE1,
  89          0xE1,0x00,0x00,0x00,0x00,0xFF,0xFF,0x00,0x00,0x00,0x00,0x00,0x00,0x00,0x00,0x00,
  90          0xFF,0xFF,0x00,0x00,0xFF,0xFF,0x0C,0x0C,0x0C,0x0C,0x0C,0x0C,0x0C,0x0C,0x0C,0xFF,
  91          0xFF,0x00,0x00,0x00,0x00,0x00,0x00,0x00,0x00,0x00,0x00,0x00,0x00,0x00,0x00,0x00,
  92          0x00,0x00,0x00,0x00,0x00,0x00,0x00,0x00,0x00,0x00,0x00,0x00,0x00,0x00,0x00,0x00,
  93          0x00,0x00,0x00,0x00,0x00,0x00,0x00,0x00,0x00,0x00,0x00,0x00,0x00,0x00,0x00,0x00,
  94          0x00,0x00,0x00,0x00,0x00,0x00,0x00,0x00,0x00,0x00,0x00,0x00,0x00,0x00,0x0F,0x1F,
  95          0x18,0x18,0x18,0x18,0x18,0x18,0x18,0x18,0x18,0x1F,0x0F,0x00,0x00,0x0F,0x1F,0x18,
  96          0x18,0x18,0x18,0x18,0x18,0x18,0x18,0x18,0x1F,0x0F,0x00,0x00,0x00,0x00,0x00,0x00,
  97          0x00,0x00,0x00,0x00,0x00,0x0F,0x1F,0x18,0x18,0x18,0x18,0x18,0x18,0x18,0x18,0x18,
  98          0x1F,0x0F,0x00,0x00,0x0F,0x1F,0x18,0x18,0x18,0x18,0x18,0x18,0x18,0x18,0x18,0x1F,
  99          0x0F,0x00,0x00,0x00,0x00,0x00,0x00,0x00,0x00,0x00,0x00,0x00,0x00,0x00,0x00,0x00,
 100          0x00,0x00,0x00,0x00,0x00,0x00,0x00,0x00,0x00,0x00,0x00,0x00,0x00,0x00,0x00,0x00,
 101          0x00,0x00,0x00,0x00,0x00,0x00,0x00,0x00,0x00,0x00,0x00,0x00,0x00,0x00,0x00,0x00,
 102          0x00,0x00,0x00,0x00,0x00,0x00,0x00,0x00,0x00,0x00,0x00,0x00,0x00,0x00,0x00,0x00,
 103          0x00,0x00,0x00,0x00,0x00,0xE2,0x92,0x8A,0x86,0x00,0x00,0x7C,0x82,0x82,0x82,0x7C,
 104          0x00,0xFE,0x00,0x82,0x92,0xAA,0xC6,0x00,0x00,0xC0,0xC0,0x00,0x7C,0x82,0x82,0x82,
 105          0x7C,0x00,0x00,0x02,0x02,0x02,0xFE,0x00,0x00,0xC0,0xC0,0x00,0x7C,0x82,0x82,0x82,
 106          0x7C,0x00,0x00,0xFE,0x00,0x00,0x00,0x00,0x00,0x00,0x00,0x00,0x00,0x00,0x00,0x00,
 107          0x00,0x00,0x00,0x00,0x00,0x00,0x00,0x00,0x00,0x00,0x00,0x00,0x00,0x00,0x00,0x00,
 108          0x00,0x00,0x00,0x00,0x00,0x00,0x00,0x00,0x00,0x00,0x00,0x00,0x00,0x00,0x00,0x00,
 109          0x00,0x24,0xA4,0x2E,0x24,0xE4,0x24,0x2E,0xA4,0x24,0x00,0x00,0x00,0xF8,0x4A,0x4C,
 110          0x48,0xF8,0x48,0x4C,0x4A,0xF8,0x00,0x00,0x00,0x00,0x00,0x00,0x00,0x00,0x00,0x00,
 111          0x00,0x00,0x00,0x00,0x00,0x00,0x00,0x00,0x00,0x00,0x00,0x00,0x00,0x00,0x00,0x00,
 112          0x00,0x00,0x00,0x00,0x00,0x00,0x00,0x00,0x00,0x00,0x00,0x00,0x00,0x00,0x00,0x00,
 113          0x00,0x00,0x00,0x00,0x00,0x00,0x00,0x00,0x00,0x00,0x00,0x00,0x00,0x00,0x00,0x00,
 114          0x00,0x00,0x00,0x00,0x00,0x00,0x00,0x00,0x00,0x00,0x00,0x00,0x00,0x00,0x00,0x00,
 115          0x00,0x00,0x00,0x00,0x00,0x00,0x00,0x00,0x00,0x00,0x00,0x00,0xC0,0x20,0x10,0x10,
 116          0x10,0x10,0x20,0xC0,0x00,0x00,0xC0,0x20,0x10,0x10,0x10,0x10,0x20,0xC0,0x00,0x00,
C51 COMPILER V9.00   IIC                                                                   01/23/2014 16:01:29 PAGE 3   

 117          0x00,0x12,0x0A,0x07,0x02,0x7F,0x02,0x07,0x0A,0x12,0x00,0x00,0x00,0x0B,0x0A,0x0A,
 118          0x0A,0x7F,0x0A,0x0A,0x0A,0x0B,0x00,0x00,0x00,0x00,0x00,0x00,0x00,0x00,0x00,0x00,
 119          0x00,0x00,0x00,0x00,0x00,0x00,0x00,0x00,0x00,0x00,0x00,0x00,0x00,0x00,0x00,0x00,
 120          0x00,0x00,0x00,0x00,0x00,0x00,0x00,0x00,0x00,0x00,0x00,0x00,0x00,0x00,0x00,0x00,
 121          0x00,0x00,0x00,0x00,0x00,0x00,0x00,0x00,0x00,0x00,0x00,0x00,0x00,0x00,0x00,0x00,
 122          0x00,0x00,0x00,0x00,0x00,0x00,0x00,0x00,0x00,0x00,0x00,0x00,0x00,0x00,0x00,0x00,
 123          0x00,0x00,0x00,0x00,0x00,0x00,0x00,0x00,0x00,0x00,0x00,0x00,0x1F,0x20,0x40,0x40,
 124          0x40,0x50,0x20,0x5F,0x80,0x00,0x1F,0x20,0x40,0x40,0x40,0x50,0x20,0x5F,0x80,0x00,
 125          };
 126          /**********************************************
 127          //IIC Start
 128          **********************************************/
 129          void IIC_Start()
 130          {
 131   1         SCL = high;
 132   1         //Delay_us(1);               
 133   1         SDA = high;
 134   1         _nop_();
 135   1         SDA = low;
 136   1         _nop_();_nop_();
 137   1         SCL = low;
 138   1      
 139   1      }
 140          
 141          /**********************************************
 142          //IIC Stop
 143          **********************************************/
 144          void IIC_Stop()
 145          {
 146   1         SDA = low;
 147   1         _nop_();
 148   1         SCL = high;
 149   1         _nop_();_nop_();
 150   1         SDA = high;
 151   1      }
 152          /**********************************************
 153          // IIC Write byte
 154          **********************************************/
 155          bit Write_IIC_Byte(unsigned char IIC_Byte)
 156          {
 157   1              unsigned char i;
 158   1              bit Ack_Bit;                    //应答信号
 159   1              for(i=0;i<8;i++)                
 160   1              {
 161   2                      if(IIC_Byte & 0x80)             //1?0?
 162   2                      SDA=high;
 163   2                      else
 164   2                      SDA=low;
 165   2                      //Delay_us(1);
 166   2                      SCL=high;
 167   2                      _nop_();_nop_();
 168   2                      SCL=low;
 169   2                      //Delay_us(1);
 170   2                      IIC_Byte<<=1;                   //loop
 171   2              }
 172   1               SDA = high;                            //释放IIC SDA总线为主器件接收从器件产生应答信号 
 173   1              _nop_();_nop_();
 174   1              SCL = high;                     //第9个时钟周期
 175   1              _nop_();_nop_();
 176   1              Ack_Bit = SDA;                      //读取应答信号
 177   1              SCL = low;
 178   1              return Ack_Bit; 
C51 COMPILER V9.00   IIC                                                                   01/23/2014 16:01:29 PAGE 4   

 179   1      }  
 180          /**********************************************
 181          // IIC Write Command
 182          **********************************************/
 183          void Write_IIC_Command(unsigned char IIC_Command)
 184          {
 185   1         IIC_Start();
 186   1         Write_IIC_Byte(0x78);            //Slave address,SA0=0
 187   1         Write_IIC_Byte(0x00);                        //write command
 188   1         Write_IIC_Byte(IIC_Command); 
 189   1         IIC_Stop();
 190   1      }
 191          /**********************************************
 192          // IIC Write Data
 193          **********************************************/
 194          void Write_IIC_Data(unsigned char IIC_Data)
 195          {
 196   1         IIC_Start();
 197   1         Write_IIC_Byte(0x78);                        
 198   1         Write_IIC_Byte(0x40);                        //write data
 199   1         Write_IIC_Byte(IIC_Data);
 200   1         IIC_Stop(); 
 201   1      }
 202          /********************************************
 203          // fill_Picture
 204          ********************************************/
 205          void fill_picture(unsigned char fill_Data)
 206          {
 207   1              unsigned char m,n;
 208   1              for(m=0;m<8;m++)
 209   1              {
 210   2                      Write_IIC_Command(0xb0+m);              //page0-page1
 211   2                      Write_IIC_Command(0x00);                //low column start address
 212   2                      Write_IIC_Command(0x10);                //high column start address
 213   2                      for(n=0;n<128;n++)
 214   2                              {
 215   3                                      Write_IIC_Data(fill_Data);
 216   3                              }
 217   2              }
 218   1      }
 219          /******************************************
 220          // picture
 221          ******************************************/
 222          void picture_1()
 223          {
 224   1        unsigned char x,y;
 225   1        unsigned int i=0;
 226   1        for(y=0;y<8;y++)
 227   1          {
 228   2            Write_IIC_Command(0xb0+y);
 229   2            Write_IIC_Command(0x00);
 230   2            Write_IIC_Command(0x10);
 231   2            for(x=0;x<128;x++)
 232   2              {
 233   3                Write_IIC_Data(show1[i++]);
 234   3              }
 235   2          }
 236   1      }
 237          
 238          /***********************Delay****************************************/
 239          void Delay_50ms(unsigned int Del_50ms)          //
 240          {
C51 COMPILER V9.00   IIC                                                                   01/23/2014 16:01:29 PAGE 5   

 241   1              unsigned int m;
 242   1              for(;Del_50ms>0;Del_50ms--)
 243   1                      for(m=6245;m>0;m--);
 244   1      }
 245          
 246          void Delay_1ms(unsigned int Del_1ms)            //
 247          {
 248   1              unsigned char j;
 249   1              while(Del_1ms--)
 250   1              {       
 251   2                      for(j=0;j<123;j++);
 252   2              }
 253   1      }
 254          /*******************************Main*******************************/
 255          void main(void)
 256          {
 257   1      
 258   1              Initial_LY096BG30();
 259   1              Delay_1ms(5);
 260   1              while(1)
 261   1              {
 262   2                      fill_picture(0xff);     Delay_50ms(25);
 263   2                      fill_picture(0xf0);     Delay_50ms(25);
 264   2                      Picture_1();            Delay_50ms(25);
 265   2              }
 266   1      }


MODULE INFORMATION:   STATIC OVERLAYABLE
   CODE SIZE        =    431    ----
   CONSTANT SIZE    =   1024    ----
   XDATA SIZE       =   ----    ----
   PDATA SIZE       =   ----    ----
   DATA SIZE        =   ----       2
   IDATA SIZE       =   ----    ----
   BIT SIZE         =   ----       1
END OF MODULE INFORMATION.


C51 COMPILATION COMPLETE.  0 WARNING(S),  0 ERROR(S)
